success
z//1
success
success
success
success
z//1
z//1
z//1
success
d//1
1
success
