success

success
success
d//0 x//1
d//0 x//1
d//0 x//1
d//0