






success
success
z//1
success
z//1
z//1
success
z//1 a//1