



success
e_123_2r//2
e_123_2r//2
e_123_2r//2
success
c//2 e_123_2r//2
success
2
e_123_2r//2 c//2