success
success
1
success
0
z//1 f_FF//0
success
1
success
success
0
success
z//4 e_123_2r//4 f_FF//0
0
z//4 e_123_2r//4 f_FF//0
4
success
f_FF//4 z//4 e_123_2r//4
f_FF//4 z//4 e_123_2r//4
f_FF//4 z//4 e_123_2r//4