

success
success
success

success
1
c//1
c//1
1
success
success
2
success