
success
c//0
c//0
success
c//0
success
success
c//0
success
c//0 z//0
success
c//0 z//0 g_1//1
1