



success
success
z//1 f_FF//1
success
success
1
z//1 f_FF//1