




success
2
a//2
a//2

success
success
b//0 e_123_2r//0