success
d//0
d//0
0
success
0
d//0
0
success
success
d//2 f_FF//2
d//2 f_FF//2
success
success
success
x//2 a//2 f_FF//2 d//2
x//2 a//2 f_FF//2 d//2