success
success
success
success
success
1
f_FF//0 x//0 e_123_2r//1